// Vitest Snapshot v1, https://vitest.dev/guide/snapshot.html

exports[`parseString base > ф╜а|хе╜я╝М{name|>va(#,'ddd')} 1`] = `
[
  {
    "toString": [Function],
    "type": "text",
    "value": "ф╜а|хе╜я╝М",
  },
  {
    "toString": [Function],
    "type": "var-handle",
    "value": "name|>va(#,'ddd')",
    "varName": "name",
  },
]
`;

exports[`parseString base > ф╜ахе╜я╝М{@key} 1`] = `
[
  {
    "toString": [Function],
    "type": "text",
    "value": "ф╜ахе╜я╝М",
  },
  {
    "toString": [Function],
    "type": "var-this",
    "value": "@key",
  },
]
`;

exports[`parseString base > ф╜ахе╜я╝М{name|..length} 1`] = `
[
  {
    "toString": [Function],
    "type": "text",
    "value": "ф╜ахе╜я╝М",
  },
  {
    "toString": [Function],
    "type": "var-handle",
    "value": "name|..length",
    "varName": "name",
  },
]
`;

exports[`parseString base > ф╜ахе╜я╝М{name|>va(#,'ddd')} 1`] = `
[
  {
    "toString": [Function],
    "type": "text",
    "value": "ф╜ахе╜я╝М",
  },
  {
    "toString": [Function],
    "type": "var-handle",
    "value": "name|>va(#,'ddd')",
    "varName": "name",
  },
]
`;

exports[`parseString base > ф╜ахе╜я╝М{name} 1`] = `
[
  {
    "toString": [Function],
    "type": "text",
    "value": "ф╜ахе╜я╝М",
  },
  {
    "toString": [Function],
    "type": "var",
    "value": "name",
    "varName": "name",
  },
]
`;

exports[`parseString base > ф╜ахе╜я╝М{name}! 1`] = `
[
  {
    "toString": [Function],
    "type": "text",
    "value": "ф╜ахе╜я╝М",
  },
  {
    "toString": [Function],
    "type": "var",
    "value": "name",
    "varName": "name",
  },
  {
    "toString": [Function],
    "type": "text",
    "value": "!",
  },
]
`;

exports[`parseString base > ф╜ахе╜я╝Мф╕ЦчХМЁЯМН 1`] = `
[
  {
    "toString": [Function],
    "type": "text",
    "value": "ф╜ахе╜я╝Мф╕ЦчХМЁЯМН",
  },
]
`;
